\BOOKMARK [1][-]{section.1}{\376\377\000F\000o\000r\000e\000w\000o\000r\000d}{}% 1
\BOOKMARK [2][-]{subsection.1.1}{\376\377\000W\000h\000a\000t\000'\000s\000\040\000i\000n\000\040\000t\000h\000e\000\040\000l\000e\000c\000t\000u\000r\000e\000s\000?}{section.1}% 2
\BOOKMARK [2][-]{subsection.1.2}{\376\377\000S\000t\000r\000u\000c\000t\000u\000r\000e\000\040\000o\000f\000\040\000t\000h\000e\000\040\000l\000e\000c\000t\000u\000r\000e\000s}{section.1}% 3
\BOOKMARK [1][-]{section.2}{\376\377\000T\000h\000e\000\040\000q\000u\000a\000n\000t\000u\000m\000\040\000c\000o\000m\000p\000u\000t\000e\000r\000:\000\040\000a\000\040\000m\000a\000c\000h\000i\000n\000e\000\040\000f\000o\000r\000\040\000p\000e\000r\000f\000o\000r\000m\000i\000n\000g\000\040\000c\000e\000r\000t\000a\000i\000n\000\040\000m\000a\000t\000r\000i\000x\000-\000v\000e\000c\000t\000o\000r\000\040\000m\000u\000l\000t\000i\000p\000l\000i\000c\000a\000t\000i\000o\000n\000s}{}% 4
\BOOKMARK [2][-]{subsection.2.1}{\376\377\000A\000n\000\040\000e\000x\000p\000o\000n\000e\000n\000t\000i\000a\000l\000l\000y\000\040\000l\000a\000r\000g\000e\000\040\000i\000n\000t\000e\000r\000n\000a\000l\000\040\000s\000t\000a\000t\000e}{section.2}% 5
\BOOKMARK [2][-]{subsection.2.2}{\376\377\000Q\000u\000a\000n\000t\000u\000m\000\040\000c\000i\000r\000c\000u\000i\000t\000s}{section.2}% 6
\BOOKMARK [2][-]{subsection.2.3}{\376\377\000S\000u\000m\000m\000a\000r\000y}{section.2}% 7
\BOOKMARK [2][-]{subsection.2.4}{\376\377\000D\000i\000g\000r\000e\000s\000s\000i\000o\000n\000\040\000o\000n\000\040\000d\000e\000c\000o\000h\000e\000r\000e\000n\000c\000e\000\040\000a\000n\000d\000\040\000f\000i\000d\000e\000l\000i\000t\000y}{section.2}% 8
\BOOKMARK [1][-]{section.3}{\376\377\000T\000e\000n\000s\000o\000r\000\040\000n\000e\000t\000w\000o\000r\000k\000s\000:\000\040\000b\000a\000s\000i\000c\000\040\000n\000o\000t\000a\000t\000i\000o\000n\000\040\000a\000n\000d\000\040\000o\000p\000e\000r\000a\000t\000i\000o\000n\000s}{}% 9
\BOOKMARK [2][-]{subsection.3.1}{\376\377\000D\000e\000f\000i\000n\000i\000n\000g\000\040\000t\000e\000n\000s\000o\000r\000s}{section.3}% 10
\BOOKMARK [2][-]{subsection.3.2}{\376\377\000T\000e\000n\000s\000o\000r\000\040\000c\000o\000n\000t\000r\000a\000c\000t\000i\000o\000n\000\040\000a\000n\000d\000\040\000t\000e\000n\000s\000o\000r\000\040\000n\000e\000t\000w\000o\000r\000k\000s}{section.3}% 11
\BOOKMARK [2][-]{subsection.3.3}{\376\377\000F\000a\000c\000t\000o\000r\000i\000z\000a\000t\000i\000o\000n}{section.3}% 12
\BOOKMARK [2][-]{subsection.3.4}{\376\377\000E\000x\000a\000m\000p\000l\000e\000:\000\040\000F\000a\000c\000t\000o\000r\000i\000z\000i\000n\000g\000\040\000t\000h\000e\000\040\000c\000o\000n\000t\000r\000o\000l\000l\000e\000d\000\040\000N\000O\000T\000\040\000g\000a\000t\000e}{section.3}% 13
\BOOKMARK [1][-]{section.4}{\376\377\000B\000a\000s\000i\000c\000\040\000q\000u\000a\000n\000t\000u\000m\000\040\000c\000o\000m\000p\000u\000t\000e\000r\000\040\000e\000m\000u\000l\000a\000t\000o\000r\000s}{}% 14
\BOOKMARK [2][-]{subsection.4.1}{\376\377\000A\000\040\000q\000u\000a\000n\000t\000u\000m\000\040\000c\000i\000r\000c\000u\000i\000t\000\040\000i\000s\000\040\000a\000\040\000t\000e\000n\000s\000o\000r\000\040\000n\000e\000t\000w\000o\000r\000k\000.}{section.4}% 15
\BOOKMARK [2][-]{subsection.4.2}{\376\377\000L\000o\000n\000g\000\040\000a\000n\000d\000\040\000n\000a\000r\000r\000o\000w\000\040\000q\000u\000a\000n\000t\000u\000m\000\040\000c\000i\000r\000c\000u\000i\000t\000s\000:\000\040\000t\000h\000e\000\040\000f\000u\000l\000l\000\040\000s\000t\000a\000t\000e\000\040\000s\000i\000m\000u\000l\000a\000t\000o\000r}{section.4}% 16
\BOOKMARK [2][-]{subsection.4.3}{\376\377\000T\000a\000l\000l\000\040\000a\000n\000d\000\040\000s\000k\000i\000n\000n\000y\000\040\000c\000i\000r\000c\000u\000i\000t\000s\000:\000\040\000e\000x\000a\000c\000t\000\040\000M\000P\000S\000\040\000s\000i\000m\000u\000l\000a\000t\000i\000o\000n\000s\000\040\000o\000f\000\040\000a\000\040\000q\000u\000a\000n\000t\000u\000m\000\040\000c\000o\000m\000p\000u\000t\000e\000r}{section.4}% 17
\BOOKMARK [3][-]{subsubsection.4.3.1}{\376\377\000M\000P\000S\000\040\000d\000e\000f\000i\000n\000i\000t\000i\000o\000n}{subsection.4.3}% 18
\BOOKMARK [3][-]{subsubsection.4.3.2}{\376\377\000M\000P\000S\000\040\000e\000x\000a\000c\000t\000\040\000e\000m\000u\000l\000a\000t\000o\000r\000:\000\040\000n\000e\000a\000r\000e\000s\000t\000\040\000n\000e\000i\000g\000h\000b\000o\000r\000\040\000g\000a\000t\000e\000s}{subsection.4.3}% 19
\BOOKMARK [2][-]{subsection.4.4}{\376\377\000E\000x\000t\000e\000n\000s\000i\000o\000n\000\040\000t\000o\000\040\000a\000r\000b\000i\000t\000r\000a\000r\000y\000\040\000g\000a\000t\000e\000s\000:\000\040\000i\000n\000t\000r\000o\000d\000u\000c\000i\000n\000g\000\040\000t\000h\000e\000\040\000M\000P\000O\000-\000M\000P\000S\000\040\000p\000r\000o\000d\000u\000c\000t}{section.4}% 20
\BOOKMARK [2][-]{subsection.4.5}{\376\377\000C\000a\000l\000c\000u\000l\000a\000t\000i\000n\000g\000\040\000o\000b\000s\000e\000r\000v\000a\000b\000l\000e\000s\000\040\000f\000r\000o\000m\000\040\000a\000n\000\040\000M\000P\000S}{section.4}% 21
\BOOKMARK [3][-]{subsubsection.4.5.1}{\376\377\000T\000h\000e\000\040\000t\000e\000n\000s\000o\000r\000\040\000n\000e\000t\000w\000o\000r\000k\000\040\000r\000o\000u\000t\000e\000\040\000t\000o\000\040\000o\000b\000s\000e\000r\000v\000a\000b\000l\000e\000s}{subsection.4.5}% 22
\BOOKMARK [3][-]{subsubsection.4.5.2}{\376\377\000D\000i\000r\000e\000c\000t\000\040\000s\000a\000m\000p\000l\000i\000n\000g\000\040\000o\000f\000\040\000a\000n\000\040\000M\000P\000S}{subsection.4.5}% 23
\BOOKMARK [2][-]{subsection.4.6}{\376\377\000A\000m\000p\000l\000i\000t\000u\000d\000e\000\040\000s\000i\000m\000u\000l\000a\000t\000i\000o\000n\000s\000\040\000o\000f\000\040\000a\000\040\000q\000u\000a\000n\000t\000u\000m\000\040\000c\000o\000m\000p\000u\000t\000e\000r}{section.4}% 24
\BOOKMARK [2][-]{subsection.4.7}{\376\377\000S\000o\000m\000e\000\040\000r\000e\000m\000a\000r\000k\000s\000\040\000o\000n\000\040\000`\000`\000q\000u\000a\000n\000t\000u\000m\000\040\000s\000u\000p\000r\000e\000m\000a\000c\000y\000'\000'}{section.4}% 25
\BOOKMARK [1][-]{section.5}{\376\377\000C\000o\000m\000p\000r\000e\000s\000s\000i\000n\000g\000\040\000m\000a\000n\000y\000-\000b\000o\000d\000y\000\040\000s\000t\000a\000t\000e\000s\000\040\000w\000i\000t\000h\000\040\000m\000a\000t\000r\000i\000x\000\040\000p\000r\000o\000d\000u\000c\000t\000\040\000s\000t\000a\000t\000e\000s}{}% 26
\BOOKMARK [2][-]{subsection.5.1}{\376\377\000L\000o\000w\000-\000r\000a\000n\000k\000\040\000m\000a\000t\000r\000i\000c\000e\000s\000\040\000a\000n\000d\000\040\000t\000h\000e\000\040\000s\000i\000n\000g\000u\000l\000a\000r\000\040\000v\000a\000l\000u\000e\000\040\000d\000e\000c\000o\000m\000p\000o\000s\000i\000t\000i\000o\000n}{section.5}% 27
\BOOKMARK [3][-]{subsubsection.5.1.1}{\376\377\000A\000\040\000g\000l\000i\000m\000p\000s\000e\000\040\000a\000t\000\040\000t\000h\000e\000\040\000c\000r\000o\000s\000s\000\040\000i\000n\000t\000e\000r\000p\000o\000l\000a\000t\000i\000o\000n\000\040\000f\000o\000r\000m\000u\000l\000a}{subsection.5.1}% 28
\BOOKMARK [3][-]{subsubsection.5.1.2}{\376\377\000T\000h\000e\000\040\000S\000i\000n\000g\000u\000l\000a\000r\000\040\000V\000a\000l\000u\000e\000\040\000D\000e\000c\000o\000m\000p\000o\000s\000i\000t\000i\000o\000n}{subsection.5.1}% 29
\BOOKMARK [2][-]{subsection.5.2}{\376\377\000E\000n\000t\000a\000n\000g\000l\000e\000m\000e\000n\000t\000\040\000e\000n\000t\000r\000o\000p\000y\000,\000\040\000a\000r\000e\000a\000\040\000l\000a\000w\000\040\000a\000n\000d\000\040\000v\000o\000l\000u\000m\000e\000\040\000l\000a\000w}{section.5}% 30
\BOOKMARK [2][-]{subsection.5.3}{\376\377\000C\000a\000n\000o\000n\000i\000c\000a\000l\000\040\000f\000o\000r\000m}{section.5}% 31
\BOOKMARK [3][-]{subsubsection.5.3.1}{\376\377\000S\000V\000D\000\040\000c\000o\000m\000p\000r\000e\000s\000s\000i\000o\000n\000\040\000o\000f\000\040\000a\000n\000\040\000M\000P\000S}{subsection.5.3}% 32
\BOOKMARK [2][-]{subsection.5.4}{\376\377\000A\000p\000p\000r\000o\000x\000i\000m\000a\000t\000e\000\040\000T\000E\000B\000D\000\040\000f\000o\000r\000\040\000q\000u\000a\000n\000t\000u\000m\000\040\000c\000i\000r\000c\000u\000i\000t\000s}{section.5}% 33
\BOOKMARK [2][-]{subsection.5.5}{\376\377\000D\000M\000R\000G\000\040\000f\000o\000r\000\040\000q\000u\000a\000n\000t\000u\000m\000\040\000c\000i\000r\000c\000u\000i\000t\000s\000\040\000\050\0001\000\040\000s\000i\000t\000e\000\051}{section.5}% 34
\BOOKMARK [2][-]{subsection.5.6}{\376\377\000D\000M\000R\000G\000\040\000f\000o\000r\000\040\000q\000u\000a\000n\000t\000u\000m\000\040\000c\000i\000r\000c\000u\000i\000t\000s\000\040\000\050\0002\000\040\000s\000i\000t\000e\000s\000\051}{section.5}% 35
\BOOKMARK [1][-]{section.6}{\376\377\000T\000h\000e\000\040\000t\000r\000a\000n\000s\000v\000e\000r\000s\000e\000\040\000f\000i\000e\000l\000d\000\040\000I\000s\000i\000n\000g\000\040\000m\000o\000d\000e\000l}{}% 36
\BOOKMARK [1][-]{section.7}{\376\377\000S\000o\000l\000v\000i\000n\000g\000\040\000H\000a\000m\000i\000l\000t\000o\000n\000i\000a\000n\000\040\000m\000o\000d\000e\000l\000s}{}% 37
\BOOKMARK [2][-]{subsection.7.1}{\376\377\000D\000i\000r\000e\000c\000t\000\040\000c\000o\000n\000s\000t\000r\000u\000c\000t\000i\000o\000n\000\040\000o\000f\000\040\000t\000h\000e\000\040\000M\000P\000O}{section.7}% 38
\BOOKMARK [2][-]{subsection.7.2}{\376\377\000D\000M\000R\000G\000\040\000a\000s\000\040\000t\000h\000e\000\040\000d\000i\000a\000g\000o\000n\000a\000l\000i\000z\000a\000t\000i\000o\000n\000\040\000o\000f\000\040\000a\000n\000\040\000M\000P\000O\000.}{section.7}% 39
\BOOKMARK [2][-]{subsection.7.3}{\376\377\000Q\000u\000a\000n\000t\000u\000m\000\040\000d\000y\000n\000a\000m\000i\000c\000s\000\040\000w\000i\000t\000h\000\040\000T\000E\000B\000D}{section.7}% 40
\BOOKMARK [1][-]{section.8}{\376\377\000M\000P\000O\000\040\000a\000n\000d\000\040\000M\000P\000S\000\040\000a\000s\000\040\000l\000a\000r\000g\000e\000\040\000m\000a\000t\000r\000i\000c\000e\000s\000\040\000a\000n\000d\000\040\000v\000e\000c\000t\000o\000r\000s}{}% 41
\BOOKMARK [2][-]{subsection.8.1}{\376\377\000E\000l\000e\000m\000e\000n\000t\000-\000w\000i\000s\000e\000\040\000m\000u\000l\000t\000i\000p\000l\000i\000c\000a\000t\000i\000o\000n\000\040\000b\000e\000t\000w\000e\000e\000n\000\040\000t\000w\000o\000\040\000M\000P\000S}{section.8}% 42
\BOOKMARK [2][-]{subsection.8.2}{\376\377\000A\000d\000d\000i\000n\000g\000\040\000t\000w\000o\000\040\000M\000P\000S}{section.8}% 43
\BOOKMARK [2][-]{subsection.8.3}{\376\377\000S\000o\000l\000v\000i\000n\000g\000\040\000l\000i\000n\000e\000a\000r\000\040\000p\000r\000o\000b\000l\000e\000m\000s\000\040\000w\000i\000t\000h\000\040\000M\000P\000O\000/\000M\000P\000S}{section.8}% 44
\BOOKMARK [1][-]{section.9}{\376\377\000T\000e\000n\000s\000o\000r\000\040\000C\000r\000o\000s\000s\000\040\000I\000n\000t\000e\000r\000p\000o\000l\000a\000t\000i\000o\000n\000\040\000f\000o\000r\000\040\000l\000e\000a\000r\000n\000i\000n\000g\000\040\000t\000e\000n\000s\000o\000r\000\040\000n\000e\000t\000w\000o\000r\000k\000s}{}% 45
\BOOKMARK [2][-]{subsection.9.1}{\376\377\000A\000n\000o\000t\000h\000e\000r\000\040\000w\000a\000y\000\040\000t\000o\000\040\000f\000a\000c\000t\000o\000r\000i\000z\000e\000\040\000m\000a\000t\000r\000i\000c\000e\000s}{section.9}% 46
\BOOKMARK [3][-]{subsubsection.9.1.1}{\376\377\000R\000e\000v\000i\000s\000i\000t\000i\000n\000g\000\040\000G\000a\000u\000s\000s\000i\000a\000n\000\040\000e\000l\000i\000m\000i\000n\000a\000t\000i\000o\000n}{subsection.9.1}% 47
\BOOKMARK [3][-]{subsubsection.9.1.2}{\376\377\000C\000r\000o\000s\000s\000\040\000I\000n\000t\000e\000r\000p\000o\000l\000a\000t\000i\000o\000n}{subsection.9.1}% 48
\BOOKMARK [3][-]{subsubsection.9.1.3}{\376\377\000P\000r\000a\000c\000t\000i\000c\000a\000l\000\040\000c\000r\000o\000s\000s\000\040\000i\000n\000t\000e\000r\000p\000o\000l\000a\000t\000i\000o\000n}{subsection.9.1}% 49
\BOOKMARK [3][-]{subsubsection.9.1.4}{\376\377\000S\000t\000a\000b\000l\000e\000\040\000e\000v\000a\000l\000u\000a\000t\000i\000o\000n\000\040\000o\000f\000\040\000t\000h\000e\000\040\000c\000r\000o\000s\000s\000\040\000i\000n\000t\000e\000r\000p\000o\000l\000a\000t\000i\000o\000n}{subsection.9.1}% 50
\BOOKMARK [2][-]{subsection.9.2}{\376\377\000T\000C\000I\000:\000\040\000E\000x\000t\000e\000n\000s\000i\000o\000n\000\040\000o\000f\000\040\000C\000I\000\040\000t\000o\000\040\000n\000-\000d\000i\000m\000e\000n\000s\000i\000o\000n\000a\000l\000\040\000t\000e\000n\000s\000o\000r\000s}{section.9}% 51
\BOOKMARK [3][-]{subsubsection.9.2.1}{\376\377\000T\000C\000I\000:\000\040\000n\000a\000i\000v\000e\000\040\000a\000p\000p\000r\000o\000a\000c\000h}{subsection.9.2}% 52
\BOOKMARK [3][-]{subsubsection.9.2.2}{\376\377\000T\000C\000I\000:\000\040\000f\000o\000r\000m\000a\000l\000\040\000f\000o\000r\000m}{subsection.9.2}% 53
\BOOKMARK [3][-]{subsubsection.9.2.3}{\376\377\000P\000r\000a\000c\000t\000i\000c\000a\000l\000\040\000T\000C\000I\000\040\000a\000l\000g\000o\000r\000i\000t\000h\000m}{subsection.9.2}% 54
\BOOKMARK [3][-]{subsubsection.9.2.4}{\376\377\000A\000p\000p\000l\000i\000c\000a\000t\000i\000o\000n\000\040\000t\000o\000\040\000i\000n\000t\000e\000g\000r\000a\000l\000s}{subsection.9.2}% 55
\BOOKMARK [1][-]{section.10}{\376\377\000T\000h\000e\000\040\000Q\000u\000a\000n\000t\000i\000c\000s\000\040\000r\000e\000p\000r\000e\000s\000e\000n\000t\000a\000t\000i\000o\000n\000\040\000o\000f\000\040\000f\000u\000n\000c\000t\000i\000o\000n\000s}{}% 56
\BOOKMARK [2][-]{subsection.10.1}{\376\377\000T\000h\000e\000\040\000b\000a\000s\000i\000c\000s\000\040\000o\000f\000\040\000q\000u\000a\000n\000t\000i\000c\000s}{section.10}% 57
\BOOKMARK [2][-]{subsection.10.2}{\376\377\000E\000x\000p\000l\000i\000c\000i\000t\000\040\000q\000u\000a\000n\000t\000i\000c\000s\000\040\000r\000e\000p\000r\000e\000s\000e\000n\000t\000a\000t\000i\000o\000n\000\040\000o\000f\000\040\000p\000o\000l\000y\000n\000o\000m\000i\000a\000l\000s}{section.10}% 58
\BOOKMARK [2][-]{subsection.10.3}{\376\377\000T\000h\000e\000\040\000m\000a\000g\000i\000c\000\040\000q\000u\000a\000n\000t\000i\000c\000s\000\040\000t\000e\000n\000s\000o\000r}{section.10}% 59
\BOOKMARK [2][-]{subsection.10.4}{\376\377\000I\000n\000d\000e\000f\000i\000n\000i\000t\000e\000\040\000i\000n\000t\000e\000g\000r\000a\000l}{section.10}% 60
\BOOKMARK [2][-]{subsection.10.5}{\376\377\000G\000e\000n\000e\000r\000a\000l\000i\000z\000a\000t\000i\000o\000n\000\040\000t\000o\000\040\000h\000i\000g\000h\000e\000r\000\040\000d\000i\000m\000e\000n\000s\000i\000o\000n\000s}{section.10}% 61
\BOOKMARK [2][-]{subsection.10.6}{\376\377\000A\000p\000p\000l\000i\000c\000a\000t\000i\000o\000n\000\040\000t\000o\000\040\000t\000h\000e\000\040\000P\000o\000i\000s\000s\000o\000n\000\040\000e\000q\000u\000a\000t\000i\000o\000n}{section.10}% 62
\BOOKMARK [2][-]{subsection.10.7}{\376\377\000A\000p\000p\000l\000i\000c\000a\000t\000i\000o\000n\000\040\000t\000o\000\040\000t\000h\000e\000\040\000S\000c\000h\000r\000\366\000d\000i\000n\000g\000e\000r\000\040\000e\000q\000u\000a\000t\000i\000o\000n}{section.10}% 63
\BOOKMARK [2][-]{subsection.10.8}{\376\377\000T\000h\000e\000\040\000q\000u\000a\000n\000t\000u\000m\000\040\000F\000o\000u\000r\000i\000e\000r\000\040\000t\000r\000a\000n\000s\000f\000o\000r\000m\000\040\000a\000s\000\040\000a\000\040\000l\000o\000w\000-\000r\000a\000n\000k\000\040\000M\000P\000O}{section.10}% 64
\BOOKMARK [3][-]{subsubsection.10.8.1}{\376\377\000E\000x\000p\000l\000i\000c\000i\000t\000\040\000c\000o\000n\000s\000t\000r\000u\000c\000t\000i\000o\000n\000\040\000o\000f\000\040\000t\000h\000e\000\040\000Q\000u\000a\000n\000t\000u\000m\000\040\000F\000o\000u\000r\000i\000e\000r\000\040\000T\000r\000a\000n\000s\000f\000o\000r\000m\000\040\000M\000P\000O}{subsection.10.8}% 65
\BOOKMARK [3][-]{subsubsection.10.8.2}{\376\377\000A\000p\000p\000l\000i\000c\000a\000t\000i\000o\000n\000\040\000t\000o\000\040\000t\000h\000e\000\040\000h\000e\000a\000t\000\040\000e\000q\000u\000a\000t\000i\000o\000n}{subsection.10.8}% 66
\BOOKMARK [1][-]{section.11}{\376\377\000C\000o\000n\000c\000l\000u\000s\000i\000o\000n}{}% 67
\BOOKMARK [1][-]{appendix.A}{\376\377\000C\000o\000d\000e\000\040\000r\000e\000p\000o\000s\000i\000t\000o\000r\000i\000e\000s}{}% 68
\BOOKMARK [1][-]{appendix.A}{\376\377\000R\000e\000f\000e\000r\000e\000n\000c\000e\000s}{}% 69
